<?xml version="1.0" encoding="utf-8"?>
<TestRun id="a877a910-c20c-4155-bb13-dc4300196aab" name="@fv-az1784-935 2025-03-09 08:32:07" xmlns="http://microsoft.com/schemas/VisualStudio/TeamTest/2010">
  <Times creation="2025-03-09T08:32:07.1107436+00:00" queuing="2025-03-09T08:32:07.1107437+00:00" start="2025-03-09T08:32:06.5269839+00:00" finish="2025-03-09T08:32:07.1166508+00:00" />
  <TestSettings name="default" id="8fee72e5-4946-4653-a552-e1c8d5f733c3">
    <Deployment runDeploymentRoot="_fv-az1784-935_2025-03-09_08_32_07" />
  </TestSettings>
  <Results>
    <UnitTestResult executionId="537b41cf-cd8e-4503-b6a7-590be3ad6c11" testId="5ceebc2e-d578-7933-b5ba-c7e9c791e4db" testName="TestMyMiddlewareIntegration (100)" computerName="fv-az1784-935" duration="00:00:00.0072092" startTime="2025-03-09T08:32:06.9680251+00:00" endTime="2025-03-09T08:32:07.0012118+00:00" testType="13cdc9d9-ddb5-4fa4-a97d-d965ccfc6d4b" outcome="Passed" testListId="8c84fa94-04c1-424b-9868-57a2d4851a1d" relativeResultsDirectory="537b41cf-cd8e-4503-b6a7-590be3ad6c11" />
  </Results>
  <TestDefinitions>
    <UnitTest name="TestMyMiddlewareIntegration (100)" storage="/home/runner/work/blackbytesbox.unified.core/blackbytesbox.unified.core/source/blackbytesbox.unified.core/blackbytesbox.unified.core.tests/bin/release/net9.0/blackbytesbox.unified.core.tests.dll" id="5ceebc2e-d578-7933-b5ba-c7e9c791e4db">
      <Execution id="537b41cf-cd8e-4503-b6a7-590be3ad6c11" />
      <TestMethod codeBase="/home/runner/work/BlackBytesBox.Unified.Core/BlackBytesBox.Unified.Core/source/BlackBytesBox.Unified.Core/BlackBytesBox.Unified.Core.Tests/bin/Release/net9.0/BlackBytesBox.Unified.Core.Tests.dll" adapterTypeName="executor://mstestadapter/v2" className="BlackBytesBox.Unified.Core.Tests.MainContextIntegrationTests" name="TestMyMiddlewareIntegration" />
    </UnitTest>
  </TestDefinitions>
  <TestEntries>
    <TestEntry testId="5ceebc2e-d578-7933-b5ba-c7e9c791e4db" executionId="537b41cf-cd8e-4503-b6a7-590be3ad6c11" testListId="8c84fa94-04c1-424b-9868-57a2d4851a1d" />
  </TestEntries>
  <TestLists>
    <TestList name="Results Not in a List" id="8c84fa94-04c1-424b-9868-57a2d4851a1d" />
    <TestList name="All Loaded Results" id="19431567-8539-422a-85d7-44ee4e166bda" />
  </TestLists>
  <ResultSummary outcome="Completed">
    <Counters total="1" executed="1" passed="1" failed="0" error="0" timeout="0" aborted="0" inconclusive="0" passedButRunAborted="0" notRunnable="0" notExecuted="0" disconnected="0" warning="0" completed="0" inProgress="0" pending="0" />
    <Output>
      <StdOut>Test Parallelization enabled for /home/runner/work/BlackBytesBox.Unified.Core/BlackBytesBox.Unified.Core/source/BlackBytesBox.Unified.Core/BlackBytesBox.Unified.Core.Tests/bin/Release/net9.0/BlackBytesBox.Unified.Core.Tests.dll (Workers: 4, Scope: MethodLevel)
</StdOut>
    </Output>
  </ResultSummary>
</TestRun>